Loading bwUniCluster modules...
  Loaded: compiler/gnu/14.2
  Loaded: devel/cuda/12.8
  Loaded: devel/python/3.13.3-gnu-14.2
  Workspace: /pfs/work9/workspace/scratch/st_ac147838-emri
calgate-v2 task=0 args=--cell R0 workers=64 host=uc2n762.localdomain commit=dbde71dc65df11f7e237ece2fd1962488ecf880d

============================= JOB FEEDBACK =============================

NodeName=uc2n762
Job ID: 6251011
Array Job ID: 6250988_0
Cluster: uc3
User/Group: st_ac147838/st_us-403333
State: COMPLETED (exit code 0)
Nodes: 1
Cores per node: 64
CPU Utilized: 00:00:04
CPU Efficiency: 0.21% of 00:32:00 core-walltime
Job Wall-clock time: 00:00:30
Memory Utilized: 154.15 MB
Memory Efficiency: 0.12% of 125.00 GB (1.95 GB/core)
