Loading bwUniCluster modules...
  Loaded: compiler/gnu/14.2
  Loaded: devel/cuda/12.8
  Loaded: devel/python/3.13.3-gnu-14.2
  Workspace: /pfs/work9/workspace/scratch/st_ac147838-emri
calgate-v2 task=5 args=--cell B1 --truth 0.730 workers=64 host=uc2n724.localdomain commit=dbde71dc65df11f7e237ece2fd1962488ecf880d

============================= JOB FEEDBACK =============================

NodeName=uc2n724
Job ID: 6251103
Array Job ID: 6250988_5
Cluster: uc3
User/Group: st_ac147838/st_us-403333
State: COMPLETED (exit code 0)
Nodes: 1
Cores per node: 64
CPU Utilized: 09:18:09
CPU Efficiency: 88.24% of 10:32:32 core-walltime
Job Wall-clock time: 00:09:53
Memory Utilized: 8.23 GB
Memory Efficiency: 6.58% of 125.00 GB (1.95 GB/core)
