Loading bwUniCluster modules...
  Loaded: compiler/gnu/14.2
  Loaded: devel/cuda/12.8
  Loaded: devel/python/3.13.3-gnu-14.2
  Workspace: /pfs/work9/workspace/scratch/st_ac147838-emri
afull2d task=17 cell=AFULL2D truth=0.730 seed-range=17:1 workers=41 grain=h host=uc2n674.localdomain commit=d50de222606a581bb0a91586b04bd6898ce39548

============================= JOB FEEDBACK =============================

NodeName=uc2n674
Job ID: 6341265
Array Job ID: 6336352_17
Cluster: uc3
User/Group: st_ac147838/st_us-403333
State: COMPLETED (exit code 0)
Nodes: 1
Cores per node: 42
CPU Utilized: 16:24:43
CPU Efficiency: 76.00% of 21:35:42 core-walltime
Job Wall-clock time: 00:30:51
Memory Utilized: 39.71 GB
Memory Efficiency: 48.41% of 82.03 GB (1.95 GB/core)
