Loading bwUniCluster modules...
  Loaded: compiler/gnu/14.2
  Loaded: devel/cuda/12.8
  Loaded: devel/python/3.13.3-gnu-14.2
  Workspace: /pfs/work9/workspace/scratch/st_ac147838-emri
afull2d task=22 cell=AFULL2D truth=0.730 seed-range=22:1 workers=41 grain=h host=uc2n630.localdomain commit=d50de222606a581bb0a91586b04bd6898ce39548

============================= JOB FEEDBACK =============================

NodeName=uc2n630
Job ID: 6341356
Array Job ID: 6336352_22
Cluster: uc3
User/Group: st_ac147838/st_us-403333
State: COMPLETED (exit code 0)
Nodes: 1
Cores per node: 42
CPU Utilized: 14:49:20
CPU Efficiency: 78.28% of 18:56:06 core-walltime
Job Wall-clock time: 00:27:03
Memory Utilized: 41.08 GB
Memory Efficiency: 50.08% of 82.03 GB (1.95 GB/core)
