Loading bwUniCluster modules...
  Loaded: compiler/gnu/14.2
  Loaded: devel/cuda/12.8
  Loaded: devel/python/3.13.3-gnu-14.2
  Workspace: /pfs/work9/workspace/scratch/st_ac147838-emri
afull2d task=15 cell=AFULL2D truth=0.730 seed-range=15:1 workers=41 grain=h host=uc2n839.localdomain commit=d50de222606a581bb0a91586b04bd6898ce39548

============================= JOB FEEDBACK =============================

NodeName=uc2n839
Job ID: 6341262
Array Job ID: 6336352_15
Cluster: uc3
User/Group: st_ac147838/st_us-403333
State: COMPLETED (exit code 0)
Nodes: 1
Cores per node: 42
CPU Utilized: 23:01:05
CPU Efficiency: 74.76% of 1-06:47:18 core-walltime
Job Wall-clock time: 00:43:59
Memory Utilized: 50.31 GB
Memory Efficiency: 61.33% of 82.03 GB (1.95 GB/core)
