Loading bwUniCluster modules...
  Loaded: compiler/gnu/14.2
  Loaded: devel/cuda/12.8
  Loaded: devel/python/3.13.3-gnu-14.2
  Workspace: /pfs/work9/workspace/scratch/st_ac147838-emri
venue-transfer task=13 cell=Tb truth=0.730 seed-range=100:25 workers=25 host=uc2n853.localdomain commit=e93f3068bcc45e7d2bd71fa91b9d399dc909dca2

============================= JOB FEEDBACK =============================

NodeName=uc2n853
Job ID: 6263914
Array Job ID: 6259842_13
Cluster: uc3
User/Group: st_ac147838/st_us-403333
State: COMPLETED (exit code 0)
Nodes: 1
Cores per node: 26
CPU Utilized: 7-14:12:38
CPU Efficiency: 84.62% of 8-23:20:16 core-walltime
Job Wall-clock time: 08:16:56
Memory Utilized: 19.09 GB
Memory Efficiency: 37.59% of 50.78 GB (1.95 GB/core)
