Loading bwUniCluster modules...
  Loaded: compiler/gnu/14.2
  Loaded: devel/cuda/12.8
  Loaded: devel/python/3.13.3-gnu-14.2
  Workspace: /pfs/work9/workspace/scratch/st_ac147838-emri
venue-transfer task=24 cell=Tc truth=0.690 seed-range=175:25 workers=25 host=uc2n701.localdomain commit=e93f3068bcc45e7d2bd71fa91b9d399dc909dca2

============================= JOB FEEDBACK =============================

NodeName=uc2n701
Job ID: 6253942
Array Job ID: 6253922_24
Cluster: uc3
User/Group: st_ac147838/st_us-403333
State: COMPLETED (exit code 0)
Nodes: 1
Cores per node: 26
CPU Utilized: 8-12:34:08
CPU Efficiency: 91.97% of 9-06:26:14 core-walltime
Job Wall-clock time: 08:33:19
Memory Utilized: 17.86 GB
Memory Efficiency: 35.16% of 50.78 GB (1.95 GB/core)
