Loading bwUniCluster modules...
  Loaded: compiler/gnu/14.2
  Loaded: devel/cuda/12.8
  Loaded: devel/python/3.13.3-gnu-14.2
  Workspace: /pfs/work9/workspace/scratch/st_ac147838-emri
venue-transfer task=35 cell=Tc truth=0.730 seed-range=250:25 workers=25 host=uc2n804.localdomain commit=e93f3068bcc45e7d2bd71fa91b9d399dc909dca2

============================= JOB FEEDBACK =============================

NodeName=uc2n804
Job ID: 6266810
Array Job ID: 6259842_35
Cluster: uc3
User/Group: st_ac147838/st_us-403333
State: COMPLETED (exit code 0)
Nodes: 1
Cores per node: 26
CPU Utilized: 4-18:41:06
CPU Efficiency: 90.40% of 5-06:51:30 core-walltime
Job Wall-clock time: 04:52:45
Memory Utilized: 17.65 GB
Memory Efficiency: 34.75% of 50.78 GB (1.95 GB/core)
