Loading bwUniCluster modules...
  Loaded: compiler/gnu/14.2
  Loaded: devel/cuda/12.8
  Loaded: devel/python/3.13.3-gnu-14.2
  Workspace: /pfs/work9/workspace/scratch/st_ac147838-emri
venue-transfer task=28 cell=Tc truth=0.730 seed-range=75:25 workers=64 host=uc2n804.localdomain commit=2ece88019d596399592dcbbaa3ac921bccffbf7e

============================= JOB FEEDBACK =============================

NodeName=uc2n804
Job ID: 6252763
Array Job ID: 6252702_28
Cluster: uc3
User/Group: st_ac147838/st_us-403333
State: COMPLETED (exit code 0)
Nodes: 1
Cores per node: 64
CPU Utilized: 3-22:37:34
CPU Efficiency: 37.57% of 10-11:51:28 core-walltime
Job Wall-clock time: 03:56:07
Memory Utilized: 18.48 GB
Memory Efficiency: 14.78% of 125.00 GB (1.95 GB/core)
