Loading bwUniCluster modules...
  Loaded: compiler/gnu/14.2
  Loaded: devel/cuda/12.8
  Loaded: devel/python/3.13.3-gnu-14.2
  Workspace: /pfs/work9/workspace/scratch/st_ac147838-emri
venue-transfer task=14 cell=Tb truth=0.730 seed-range=125:25 workers=25 host=uc2n762.localdomain commit=e93f3068bcc45e7d2bd71fa91b9d399dc909dca2

============================= JOB FEEDBACK =============================

NodeName=uc2n762
Job ID: 6253932
Array Job ID: 6253922_14
Cluster: uc3
User/Group: st_ac147838/st_us-403333
State: COMPLETED (exit code 0)
Nodes: 1
Cores per node: 26
CPU Utilized: 5-23:59:00
CPU Efficiency: 80.41% of 7-11:04:04 core-walltime
Job Wall-clock time: 06:53:14
Memory Utilized: 18.32 GB
Memory Efficiency: 36.09% of 50.78 GB (1.95 GB/core)
