Loading bwUniCluster modules...
  Loaded: compiler/gnu/14.2
  Loaded: devel/cuda/12.8
  Loaded: devel/python/3.13.3-gnu-14.2
  Workspace: /pfs/work9/workspace/scratch/st_ac147838-emri
venue-transfer task=16 cell=Tb truth=0.730 seed-range=175:25 workers=25 host=uc2n804.localdomain commit=e93f3068bcc45e7d2bd71fa91b9d399dc909dca2

============================= JOB FEEDBACK =============================

NodeName=uc2n804
Job ID: 6263997
Array Job ID: 6259842_16
Cluster: uc3
User/Group: st_ac147838/st_us-403333
State: COMPLETED (exit code 0)
Nodes: 1
Cores per node: 26
CPU Utilized: 4-17:33:25
CPU Efficiency: 89.31% of 5-07:09:16 core-walltime
Job Wall-clock time: 04:53:26
Memory Utilized: 16.91 GB
Memory Efficiency: 33.29% of 50.78 GB (1.95 GB/core)
