Loading bwUniCluster modules...
  Loaded: compiler/gnu/14.2
  Loaded: devel/cuda/12.8
  Loaded: devel/python/3.13.3-gnu-14.2
  Workspace: /pfs/work9/workspace/scratch/st_ac147838-emri
venue-transfer task=19 cell=Tc truth=0.690 seed-range=50:25 workers=25 host=uc2n831.localdomain commit=e93f3068bcc45e7d2bd71fa91b9d399dc909dca2

============================= JOB FEEDBACK =============================

NodeName=uc2n831
Job ID: 6264834
Array Job ID: 6259842_19
Cluster: uc3
User/Group: st_ac147838/st_us-403333
State: COMPLETED (exit code 0)
Nodes: 1
Cores per node: 26
CPU Utilized: 9-19:32:59
CPU Efficiency: 92.38% of 10-14:59:16 core-walltime
Job Wall-clock time: 09:48:26
Memory Utilized: 18.21 GB
Memory Efficiency: 35.87% of 50.78 GB (1.95 GB/core)
