Loading bwUniCluster modules...
  Loaded: compiler/gnu/14.2
  Loaded: devel/cuda/12.8
  Loaded: devel/python/3.13.3-gnu-14.2
  Workspace: /pfs/work9/workspace/scratch/st_ac147838-emri
venue-transfer task=18 cell=Tc truth=0.690 seed-range=25:25 workers=25 host=uc2n828.localdomain commit=e93f3068bcc45e7d2bd71fa91b9d399dc909dca2

============================= JOB FEEDBACK =============================

NodeName=uc2n828
Job ID: 6264637
Array Job ID: 6259842_18
Cluster: uc3
User/Group: st_ac147838/st_us-403333
State: COMPLETED (exit code 0)
Nodes: 1
Cores per node: 26
CPU Utilized: 4-23:05:45
CPU Efficiency: 92.06% of 5-09:22:18 core-walltime
Job Wall-clock time: 04:58:33
Memory Utilized: 18.62 GB
Memory Efficiency: 36.66% of 50.78 GB (1.95 GB/core)
