Loading bwUniCluster modules...
  Loaded: compiler/gnu/14.2
  Loaded: devel/cuda/12.8
  Loaded: devel/python/3.13.3-gnu-14.2
  Workspace: /pfs/work9/workspace/scratch/st_ac147838-emri
venue-transfer task=20 cell=Tc truth=0.690 seed-range=75:25 workers=25 host=uc2n734.localdomain commit=e93f3068bcc45e7d2bd71fa91b9d399dc909dca2

============================= JOB FEEDBACK =============================

NodeName=uc2n734
Job ID: 6253938
Array Job ID: 6253922_20
Cluster: uc3
User/Group: st_ac147838/st_us-403333
State: COMPLETED (exit code 0)
Nodes: 1
Cores per node: 26
CPU Utilized: 6-08:43:26
CPU Efficiency: 83.84% of 7-14:09:32 core-walltime
Job Wall-clock time: 07:00:22
Memory Utilized: 17.64 GB
Memory Efficiency: 34.74% of 50.78 GB (1.95 GB/core)
