Loading bwUniCluster modules...
  Loaded: compiler/gnu/14.2
  Loaded: devel/cuda/12.8
  Loaded: devel/python/3.13.3-gnu-14.2
  Workspace: /pfs/work9/workspace/scratch/st_ac147838-emri
venue-transfer task=11 cell=Tb truth=0.730 seed-range=50:25 workers=25 host=uc2n731.localdomain commit=e93f3068bcc45e7d2bd71fa91b9d399dc909dca2

============================= JOB FEEDBACK =============================

NodeName=uc2n731
Job ID: 6263694
Array Job ID: 6259842_11
Cluster: uc3
User/Group: st_ac147838/st_us-403333
State: COMPLETED (exit code 0)
Nodes: 1
Cores per node: 26
CPU Utilized: 9-13:28:22
CPU Efficiency: 93.87% of 10-04:27:54 core-walltime
Job Wall-clock time: 09:24:09
Memory Utilized: 18.18 GB
Memory Efficiency: 35.79% of 50.78 GB (1.95 GB/core)
