Loading bwUniCluster modules...
  Loaded: compiler/gnu/14.2
  Loaded: devel/cuda/12.8
  Loaded: devel/python/3.13.3-gnu-14.2
  Workspace: /pfs/work9/workspace/scratch/st_ac147838-emri
venue-transfer task=27 cell=Tc truth=0.730 seed-range=50:25 workers=25 host=uc2n854.localdomain commit=e93f3068bcc45e7d2bd71fa91b9d399dc909dca2

============================= JOB FEEDBACK =============================

NodeName=uc2n854
Job ID: 6265421
Array Job ID: 6259842_27
Cluster: uc3
User/Group: st_ac147838/st_us-403333
State: COMPLETED (exit code 0)
Nodes: 1
Cores per node: 26
CPU Utilized: 7-09:01:31
CPU Efficiency: 84.38% of 8-17:48:20 core-walltime
Job Wall-clock time: 08:04:10
Memory Utilized: 17.39 GB
Memory Efficiency: 34.24% of 50.78 GB (1.95 GB/core)
