Loading bwUniCluster modules...
  Loaded: compiler/gnu/14.2
  Loaded: devel/cuda/12.8
  Loaded: devel/python/3.13.3-gnu-14.2
  Workspace: /pfs/work9/workspace/scratch/st_ac147838-emri
venue-transfer task=17 cell=Tc truth=0.690 seed-range=0:25 workers=25 host=uc2n847.localdomain commit=e93f3068bcc45e7d2bd71fa91b9d399dc909dca2

============================= JOB FEEDBACK =============================

NodeName=uc2n847
Job ID: 6264072
Array Job ID: 6259842_17
Cluster: uc3
User/Group: st_ac147838/st_us-403333
State: COMPLETED (exit code 0)
Nodes: 1
Cores per node: 26
CPU Utilized: 8-17:35:32
CPU Efficiency: 89.12% of 9-19:10:38 core-walltime
Job Wall-clock time: 09:02:43
Memory Utilized: 17.53 GB
Memory Efficiency: 34.53% of 50.78 GB (1.95 GB/core)
