Loading bwUniCluster modules...
  Loaded: compiler/gnu/14.2
  Loaded: devel/cuda/12.8
  Loaded: devel/python/3.13.3-gnu-14.2
  Workspace: /pfs/work9/workspace/scratch/st_ac147838-emri
venue-transfer task=7 cell=T0 truth=0.730 seed-range=175:25 workers=64 host=uc2n810.localdomain commit=2ece88019d596399592dcbbaa3ac921bccffbf7e

============================= JOB FEEDBACK =============================

NodeName=uc2n810
Job ID: 6252719
Array Job ID: 6252702_7
Cluster: uc3
User/Group: st_ac147838/st_us-403333
State: COMPLETED (exit code 0)
Nodes: 1
Cores per node: 64
CPU Utilized: 01:22:44
CPU Efficiency: 26.75% of 05:09:20 core-walltime
Job Wall-clock time: 00:04:50
Memory Utilized: 4.25 GB
Memory Efficiency: 3.40% of 125.00 GB (1.95 GB/core)
