Loading bwUniCluster modules...
  Loaded: compiler/gnu/14.2
  Loaded: devel/cuda/12.8
  Loaded: devel/python/3.13.3-gnu-14.2
  Workspace: /pfs/work9/workspace/scratch/st_ac147838-emri
venue-transfer task=39 cell=Tc truth=0.730 seed-range=350:25 workers=25 host=uc2n861.localdomain commit=e93f3068bcc45e7d2bd71fa91b9d399dc909dca2

============================= JOB FEEDBACK =============================

NodeName=uc2n861
Job ID: 6267968
Array Job ID: 6259842_39
Cluster: uc3
User/Group: st_ac147838/st_us-403333
State: COMPLETED (exit code 0)
Nodes: 1
Cores per node: 26
CPU Utilized: 7-18:23:36
CPU Efficiency: 80.60% of 9-15:14:54 core-walltime
Job Wall-clock time: 08:53:39
Memory Utilized: 18.85 GB
Memory Efficiency: 37.13% of 50.78 GB (1.95 GB/core)
