Loading bwUniCluster modules...
  Loaded: compiler/gnu/14.2
  Loaded: devel/cuda/12.8
  Loaded: devel/python/3.13.3-gnu-14.2
  Workspace: /pfs/work9/workspace/scratch/st_ac147838-emri
venue-transfer task=44 cell=Tc truth=0.770 seed-range=75:25 workers=25 host=uc2n783.localdomain commit=e93f3068bcc45e7d2bd71fa91b9d399dc909dca2

============================= JOB FEEDBACK =============================

NodeName=uc2n783
Job ID: 6253961
Array Job ID: 6253922_44
Cluster: uc3
User/Group: st_ac147838/st_us-403333
State: COMPLETED (exit code 0)
Nodes: 1
Cores per node: 26
CPU Utilized: 5-14:20:51
CPU Efficiency: 84.17% of 6-15:36:40 core-walltime
Job Wall-clock time: 06:08:20
Memory Utilized: 18.25 GB
Memory Efficiency: 35.94% of 50.78 GB (1.95 GB/core)
