Loading bwUniCluster modules...
  Loaded: compiler/gnu/14.2
  Loaded: devel/cuda/12.8
  Loaded: devel/python/3.13.3-gnu-14.2
  Workspace: /pfs/work9/workspace/scratch/st_ac147838-emri
venue-transfer task=31 cell=Tc truth=0.730 seed-range=150:25 workers=25 host=uc2n825.localdomain commit=e93f3068bcc45e7d2bd71fa91b9d399dc909dca2

============================= JOB FEEDBACK =============================

NodeName=uc2n825
Job ID: 6266278
Array Job ID: 6259842_31
Cluster: uc3
User/Group: st_ac147838/st_us-403333
State: COMPLETED (exit code 0)
Nodes: 1
Cores per node: 26
CPU Utilized: 10-00:47:00
CPU Efficiency: 94.83% of 10-13:54:16 core-walltime
Job Wall-clock time: 09:45:56
Memory Utilized: 18.00 GB
Memory Efficiency: 35.45% of 50.78 GB (1.95 GB/core)
