Loading bwUniCluster modules...
  Loaded: compiler/gnu/14.2
  Loaded: devel/cuda/12.8
  Loaded: devel/python/3.13.3-gnu-14.2
  Workspace: /pfs/work9/workspace/scratch/st_ac147838-emri
venue-transfer task=37 cell=Tc truth=0.730 seed-range=300:25 workers=25 host=uc2n859.localdomain commit=e93f3068bcc45e7d2bd71fa91b9d399dc909dca2

============================= JOB FEEDBACK =============================

NodeName=uc2n859
Job ID: 6267967
Array Job ID: 6259842_37
Cluster: uc3
User/Group: st_ac147838/st_us-403333
State: COMPLETED (exit code 0)
Nodes: 1
Cores per node: 26
CPU Utilized: 10-10:43:22
CPU Efficiency: 94.61% of 11-01:00:44 core-walltime
Job Wall-clock time: 10:11:34
Memory Utilized: 19.00 GB
Memory Efficiency: 37.42% of 50.78 GB (1.95 GB/core)
