Loading bwUniCluster modules...
  Loaded: compiler/gnu/14.2
  Loaded: devel/cuda/12.8
  Loaded: devel/python/3.13.3-gnu-14.2
  Workspace: /pfs/work9/workspace/scratch/st_ac147838-emri
venue-transfer task=34 cell=Tc truth=0.730 seed-range=225:25 workers=25 host=uc2n685.localdomain commit=e93f3068bcc45e7d2bd71fa91b9d399dc909dca2

============================= JOB FEEDBACK =============================

NodeName=uc2n685
Job ID: 6253951
Array Job ID: 6253922_34
Cluster: uc3
User/Group: st_ac147838/st_us-403333
State: COMPLETED (exit code 0)
Nodes: 1
Cores per node: 26
CPU Utilized: 6-10:38:44
CPU Efficiency: 92.38% of 6-23:24:14 core-walltime
Job Wall-clock time: 06:26:19
Memory Utilized: 17.66 GB
Memory Efficiency: 34.77% of 50.78 GB (1.95 GB/core)
