Loading bwUniCluster modules...
  Loaded: compiler/gnu/14.2
  Loaded: devel/cuda/12.8
  Loaded: devel/python/3.13.3-gnu-14.2
  Workspace: /pfs/work9/workspace/scratch/st_ac147838-emri
venue-transfer task=26 cell=Tc truth=0.730 seed-range=25:25 workers=25 host=uc2n707.localdomain commit=e93f3068bcc45e7d2bd71fa91b9d399dc909dca2

============================= JOB FEEDBACK =============================

NodeName=uc2n707
Job ID: 6253944
Array Job ID: 6253922_26
Cluster: uc3
User/Group: st_ac147838/st_us-403333
State: COMPLETED (exit code 0)
Nodes: 1
Cores per node: 26
CPU Utilized: 8-09:19:33
CPU Efficiency: 89.24% of 9-09:35:36 core-walltime
Job Wall-clock time: 08:40:36
Memory Utilized: 18.37 GB
Memory Efficiency: 36.17% of 50.78 GB (1.95 GB/core)
