Loading bwUniCluster modules...
  Loaded: compiler/gnu/14.2
  Loaded: devel/cuda/12.8
  Loaded: devel/python/3.13.3-gnu-14.2
  Workspace: /pfs/work9/workspace/scratch/st_ac147838-emri
venue-transfer task=43 cell=Tc truth=0.770 seed-range=50:25 workers=25 host=uc2n810.localdomain commit=e93f3068bcc45e7d2bd71fa91b9d399dc909dca2

============================= JOB FEEDBACK =============================

NodeName=uc2n810
Job ID: 6278406
Array Job ID: 6259842_43
Cluster: uc3
User/Group: st_ac147838/st_us-403333
State: COMPLETED (exit code 0)
Nodes: 1
Cores per node: 26
CPU Utilized: 6-17:43:54
CPU Efficiency: 85.97% of 7-20:07:02 core-walltime
Job Wall-clock time: 07:14:07
Memory Utilized: 18.54 GB
Memory Efficiency: 36.50% of 50.78 GB (1.95 GB/core)
