Loading bwUniCluster modules...
  Loaded: compiler/gnu/14.2
  Loaded: devel/cuda/12.8
  Loaded: devel/python/3.13.3-gnu-14.2
  Workspace: /pfs/work9/workspace/scratch/st_ac147838-emri
venue-transfer task=46 cell=Tc truth=0.770 seed-range=125:25 workers=25 host=uc2n837.localdomain commit=e93f3068bcc45e7d2bd71fa91b9d399dc909dca2

============================= JOB FEEDBACK =============================

NodeName=uc2n837
Job ID: 6278466
Array Job ID: 6259842_46
Cluster: uc3
User/Group: st_ac147838/st_us-403333
State: COMPLETED (exit code 0)
Nodes: 1
Cores per node: 26
CPU Utilized: 6-08:52:23
CPU Efficiency: 89.48% of 7-02:50:30 core-walltime
Job Wall-clock time: 06:34:15
Memory Utilized: 17.86 GB
Memory Efficiency: 35.18% of 50.78 GB (1.95 GB/core)
