INFO:master_thesis_code.bayesian_inference.simulation_detection_probability:Pooled 200100 injection events from 707 files (h values: 0.73).
INFO:master_thesis_code.bayesian_inference.simulation_detection_probability:Injection pool strata: 200100 rows total (a=99014, b=50947, c=50139). Leg masks — pool-marginal legs (pooled/1D survival, 2D S(d_L|M_z) grid, sky bands, FIX-2 S(d_L|z), wbh (K5) m-marginal shrinkage target, quality flags, SNR rescaling, d_L grid support): stratum 'a' only; measure-free legs (FIX-3 joint S(d_L|u,m) kernel/ESS/DLQ): all rows. (SIZING_ANALYSIS.md §4; measure-match rule [RATIFY-Z1].)
WARNING:master_thesis_code.bayesian_inference.simulation_detection_probability:Injection pool spans 2 code revisions (a9f29e82, f6449051) — legitimate for straggler resubmits after a non-physics fix, but verify none of them changed SNR semantics.
INFO:master_thesis_code.bayesian_inference.simulation_detection_probability:Sky bands built: 6 equal-|sin beta| bands, per-band injection counts [16719, 16459, 16513, 16711, 16246, 16366].
INFO:root:S_bar_phi(h=0.6000): z_max=1.1334, S_bar_phi(z_min)=0.9895809, S_bar_phi(z_max)=0, max=0.9895809 [1500 z x 600 log10M nodes]
INFO:root:S_bar_phi(h=0.6100): z_max=1.1485, S_bar_phi(z_min)=0.9895809, S_bar_phi(z_max)=0, max=0.9895809 [1500 z x 600 log10M nodes]
INFO:root:S_bar_phi(h=0.6200): z_max=1.1636, S_bar_phi(z_min)=0.9895809, S_bar_phi(z_max)=0, max=0.9895809 [1500 z x 600 log10M nodes]
INFO:root:S_bar_phi(h=0.6300): z_max=1.1786, S_bar_phi(z_min)=0.9895809, S_bar_phi(z_max)=0, max=0.9895809 [1500 z x 600 log10M nodes]
INFO:root:S_bar_phi(h=0.6400): z_max=1.1935, S_bar_phi(z_min)=0.9895809, S_bar_phi(z_max)=0, max=0.9895809 [1500 z x 600 log10M nodes]
INFO:root:S_bar_phi(h=0.6500): z_max=1.2084, S_bar_phi(z_min)=0.9895809, S_bar_phi(z_max)=0, max=0.9895809 [1500 z x 600 log10M nodes]
INFO:root:S_bar_phi(h=0.6550): z_max=1.2159, S_bar_phi(z_min)=0.9895809, S_bar_phi(z_max)=0, max=0.9895809 [1500 z x 600 log10M nodes]
INFO:root:S_bar_phi(h=0.6600): z_max=1.2233, S_bar_phi(z_min)=0.9895809, S_bar_phi(z_max)=0, max=0.9895809 [1500 z x 600 log10M nodes]
INFO:root:S_bar_phi(h=0.6650): z_max=1.2307, S_bar_phi(z_min)=0.9895809, S_bar_phi(z_max)=0, max=0.9895809 [1500 z x 600 log10M nodes]
INFO:root:S_bar_phi(h=0.6700): z_max=1.2381, S_bar_phi(z_min)=0.9895809, S_bar_phi(z_max)=0, max=0.9895809 [1500 z x 600 log10M nodes]
INFO:root:S_bar_phi(h=0.6750): z_max=1.2455, S_bar_phi(z_min)=0.9895809, S_bar_phi(z_max)=0, max=0.9895809 [1500 z x 600 log10M nodes]
INFO:root:S_bar_phi(h=0.6800): z_max=1.2529, S_bar_phi(z_min)=0.9895809, S_bar_phi(z_max)=0, max=0.9895809 [1500 z x 600 log10M nodes]
INFO:root:S_bar_phi(h=0.6850): z_max=1.2603, S_bar_phi(z_min)=0.9895809, S_bar_phi(z_max)=0, max=0.9895809 [1500 z x 600 log10M nodes]
INFO:root:S_bar_phi(h=0.6900): z_max=1.2676, S_bar_phi(z_min)=0.9895809, S_bar_phi(z_max)=0, max=0.9895809 [1500 z x 600 log10M nodes]
INFO:root:S_bar_phi(h=0.6950): z_max=1.2750, S_bar_phi(z_min)=0.9895809, S_bar_phi(z_max)=0, max=0.9895809 [1500 z x 600 log10M nodes]
INFO:root:S_bar_phi(h=0.7000): z_max=1.2823, S_bar_phi(z_min)=0.9895809, S_bar_phi(z_max)=0, max=0.9895809 [1500 z x 600 log10M nodes]
INFO:root:S_bar_phi(h=0.7050): z_max=1.2897, S_bar_phi(z_min)=0.9895809, S_bar_phi(z_max)=0, max=0.9895809 [1500 z x 600 log10M nodes]
INFO:root:S_bar_phi(h=0.7100): z_max=1.2970, S_bar_phi(z_min)=0.9895809, S_bar_phi(z_max)=0, max=0.9895809 [1500 z x 600 log10M nodes]
INFO:root:S_bar_phi(h=0.7150): z_max=1.3043, S_bar_phi(z_min)=0.9895809, S_bar_phi(z_max)=0, max=0.9895809 [1500 z x 600 log10M nodes]
INFO:root:S_bar_phi(h=0.7200): z_max=1.3116, S_bar_phi(z_min)=0.9895809, S_bar_phi(z_max)=0, max=0.9895809 [1500 z x 600 log10M nodes]
INFO:root:S_bar_phi(h=0.7250): z_max=1.3189, S_bar_phi(z_min)=0.9895809, S_bar_phi(z_max)=0, max=0.9895809 [1500 z x 600 log10M nodes]
INFO:root:S_bar_phi(h=0.7300): z_max=1.3262, S_bar_phi(z_min)=0.9895809, S_bar_phi(z_max)=0, max=0.9895809 [1500 z x 600 log10M nodes]
INFO:root:S_bar_phi(h=0.7350): z_max=1.3334, S_bar_phi(z_min)=0.9895809, S_bar_phi(z_max)=0, max=0.9895809 [1500 z x 600 log10M nodes]
INFO:root:S_bar_phi(h=0.7400): z_max=1.3407, S_bar_phi(z_min)=0.9895809, S_bar_phi(z_max)=0, max=0.9895809 [1500 z x 600 log10M nodes]
INFO:root:S_bar_phi(h=0.7450): z_max=1.3480, S_bar_phi(z_min)=0.9895809, S_bar_phi(z_max)=0, max=0.9895809 [1500 z x 600 log10M nodes]
INFO:root:S_bar_phi(h=0.7500): z_max=1.3552, S_bar_phi(z_min)=0.9895809, S_bar_phi(z_max)=0, max=0.9895809 [1500 z x 600 log10M nodes]
INFO:root:S_bar_phi(h=0.7550): z_max=1.3625, S_bar_phi(z_min)=0.9895809, S_bar_phi(z_max)=0, max=0.9895809 [1500 z x 600 log10M nodes]
INFO:root:S_bar_phi(h=0.7600): z_max=1.3697, S_bar_phi(z_min)=0.9895809, S_bar_phi(z_max)=0, max=0.9895809 [1500 z x 600 log10M nodes]
INFO:root:S_bar_phi(h=0.7650): z_max=1.3769, S_bar_phi(z_min)=0.9895809, S_bar_phi(z_max)=0, max=0.9895809 [1500 z x 600 log10M nodes]
INFO:root:S_bar_phi(h=0.7700): z_max=1.3841, S_bar_phi(z_min)=0.9895809, S_bar_phi(z_max)=0, max=0.9895809 [1500 z x 600 log10M nodes]
INFO:root:S_bar_phi(h=0.7750): z_max=1.3913, S_bar_phi(z_min)=0.9895809, S_bar_phi(z_max)=0, max=0.9895809 [1500 z x 600 log10M nodes]
INFO:root:S_bar_phi(h=0.7800): z_max=1.3985, S_bar_phi(z_min)=0.9895809, S_bar_phi(z_max)=0, max=0.9895809 [1500 z x 600 log10M nodes]
INFO:root:S_bar_phi(h=0.7850): z_max=1.4057, S_bar_phi(z_min)=0.9895809, S_bar_phi(z_max)=0, max=0.9895809 [1500 z x 600 log10M nodes]
INFO:root:S_bar_phi(h=0.7900): z_max=1.4129, S_bar_phi(z_min)=0.9895809, S_bar_phi(z_max)=0, max=0.9895809 [1500 z x 600 log10M nodes]
INFO:root:S_bar_phi(h=0.8000): z_max=1.4272, S_bar_phi(z_min)=0.9895809, S_bar_phi(z_max)=0, max=0.9895809 [1500 z x 600 log10M nodes]
INFO:root:S_bar_phi(h=0.8100): z_max=1.4415, S_bar_phi(z_min)=0.9895809, S_bar_phi(z_max)=0, max=0.9895809 [1500 z x 600 log10M nodes]
INFO:root:S_bar_phi(h=0.8200): z_max=1.4558, S_bar_phi(z_min)=0.9895809, S_bar_phi(z_max)=0, max=0.9895809 [1500 z x 600 log10M nodes]
INFO:root:S_bar_phi(h=0.8300): z_max=1.4700, S_bar_phi(z_min)=0.9895809, S_bar_phi(z_max)=0, max=0.9895809 [1500 z x 600 log10M nodes]
INFO:root:S_bar_phi(h=0.8400): z_max=1.4842, S_bar_phi(z_min)=0.9895809, S_bar_phi(z_max)=0, max=0.9895809 [1500 z x 600 log10M nodes]
INFO:root:S_bar_phi(h=0.8500): z_max=1.4984, S_bar_phi(z_min)=0.9895809, S_bar_phi(z_max)=0, max=0.9895809 [1500 z x 600 log10M nodes]
INFO:root:S_bar_phi(h=0.8600): z_max=1.5125, S_bar_phi(z_min)=0.9895809, S_bar_phi(z_max)=0, max=0.9895809 [1500 z x 600 log10M nodes]
INFO:__main__:cell Tc h_true=0.770 n=25 | 1D: COLLAPSE-REPRODUCED C90=0.000 bias=+0.0392 R_dose=0.931 rails=0.000/0.000 | 2D: COLLAPSE-REPRODUCED bias=+0.0400 | sigma_bar=0.04209 K_sum=1193703 | 1351.3 s/seed
