Loading bwUniCluster modules...
  Loaded: compiler/gnu/14.2
  Loaded: devel/cuda/12.8
  Loaded: devel/python/3.13.3-gnu-14.2
  Workspace: /pfs/work9/workspace/scratch/st_ac147838-emri
venue-transfer task=29 cell=Tc truth=0.730 seed-range=100:25 workers=25 host=uc2n804.localdomain commit=e93f3068bcc45e7d2bd71fa91b9d399dc909dca2

============================= JOB FEEDBACK =============================

NodeName=uc2n804
Job ID: 6265625
Array Job ID: 6259842_29
Cluster: uc3
User/Group: st_ac147838/st_us-403333
State: COMPLETED (exit code 0)
Nodes: 1
Cores per node: 26
CPU Utilized: 4-18:41:49
CPU Efficiency: 90.14% of 5-07:14:28 core-walltime
Job Wall-clock time: 04:53:38
Memory Utilized: 18.17 GB
Memory Efficiency: 35.78% of 50.78 GB (1.95 GB/core)
