Loading bwUniCluster modules...
  Loaded: compiler/gnu/14.2
  Loaded: devel/cuda/12.8
  Loaded: devel/python/3.13.3-gnu-14.2
  Workspace: /pfs/work9/workspace/scratch/st_ac147838-emri
venue-transfer task=30 cell=Tc truth=0.730 seed-range=125:25 workers=25 host=uc2n760.localdomain commit=e93f3068bcc45e7d2bd71fa91b9d399dc909dca2

============================= JOB FEEDBACK =============================

NodeName=uc2n760
Job ID: 6265992
Array Job ID: 6259842_30
Cluster: uc3
User/Group: st_ac147838/st_us-403333
State: COMPLETED (exit code 0)
Nodes: 1
Cores per node: 26
CPU Utilized: 6-20:15:27
CPU Efficiency: 90.70% of 7-13:05:24 core-walltime
Job Wall-clock time: 06:57:54
Memory Utilized: 19.27 GB
Memory Efficiency: 37.96% of 50.78 GB (1.95 GB/core)
