Loading bwUniCluster modules...
  Loaded: compiler/gnu/14.2
  Loaded: devel/cuda/12.8
  Loaded: devel/python/3.13.3-gnu-14.2
  Workspace: /pfs/work9/workspace/scratch/st_ac147838-emri
venue-transfer task=47 cell=Tc truth=0.770 seed-range=150:25 workers=25 host=uc2n609.localdomain commit=e93f3068bcc45e7d2bd71fa91b9d399dc909dca2

============================= JOB FEEDBACK =============================

NodeName=uc2n609
Job ID: 6278467
Array Job ID: 6259842_47
Cluster: uc3
User/Group: st_ac147838/st_us-403333
State: COMPLETED (exit code 0)
Nodes: 1
Cores per node: 26
CPU Utilized: 5-16:16:04
CPU Efficiency: 81.24% of 6-23:43:44 core-walltime
Job Wall-clock time: 06:27:04
Memory Utilized: 17.16 GB
Memory Efficiency: 33.79% of 50.78 GB (1.95 GB/core)
