=== p3-2d-fleet task=14 seed=900115 out_root=/pfs/work9/workspace/scratch/st_ac147838-emri/p3_2d_fleet_20260825 host=uc2n856.localdomain commit=47e054ce538f224f06c3033ebdcf5df4e708f003 ===
--- arm=bc seed=900115 ---
{
  "subdir": "bc_900115",
  "seed": 900115,
  "arm": "bc",
  "venue": "b0i2d",
  "catalogue_numerator_survival_2d": "off",
  "work_root": "/pfs/work9/workspace/scratch/st_ac147838-emri/p3_2d_fleet_20260825/bc_900115_work",
  "crb_csv": "/pfs/work9/workspace/scratch/st_ac147838-emri/p3_2d_fleet_20260825/bc_900115_work/seed900115/simulations/prepared_cramer_rao_bounds.csv",
  "wall_time_s": 111.88072872161865,
  "elapsed_evaluate_s": 105.32025933265686,
  "catalogue_pin_ok": true,
  "n_events": 200,
  "rhs_f2_provenance_bitcheck": {
    "pass": false,
    "max_rel_dev": 6.6372409297222e-15
  },
  "a22_stamp": {
    "git_commit_at_start": "47e054ce538f224f06c3033ebdcf5df4e708f003",
    "tree_dirty_incl_instrument": "clean",
    "catalogue_global_selection": "phi",
    "catalogue_numerator_survival": "phi",
    "selection_in_completion_numerator": "fused",
    "mass_filter_sigma": "symmetric",
    "catalogue_numerator_survival_2d": "off",
    "catalogue_numerator_survival_2d_center": "eff"
  },
  "git_commit": "47e054ce538f224f06c3033ebdcf5df4e708f003"
}
{
  "arm": "bc",
  "reused": [],
  "freshly_ran": [
    900115
  ]
}
--- arm=bt seed=900115 ---
{
  "subdir": "bt_900115",
  "seed": 900115,
  "arm": "bt",
  "venue": "b0i2d",
  "catalogue_numerator_survival_2d": "mz_sel",
  "work_root": "/pfs/work9/workspace/scratch/st_ac147838-emri/p3_2d_fleet_20260825/bt_900115_work",
  "crb_csv": "/pfs/work9/workspace/scratch/st_ac147838-emri/p3_2d_fleet_20260825/bt_900115_work/seed900115/simulations/prepared_cramer_rao_bounds.csv",
  "wall_time_s": 112.6595242023468,
  "elapsed_evaluate_s": 106.16354775428772,
  "catalogue_pin_ok": true,
  "n_events": 200,
  "rhs_f2_provenance_bitcheck": {
    "pass": false,
    "max_rel_dev": 6.6372409297222e-15
  },
  "a22_stamp": {
    "git_commit_at_start": "47e054ce538f224f06c3033ebdcf5df4e708f003",
    "tree_dirty_incl_instrument": "clean",
    "catalogue_global_selection": "phi",
    "catalogue_numerator_survival": "phi",
    "selection_in_completion_numerator": "fused",
    "mass_filter_sigma": "symmetric",
    "catalogue_numerator_survival_2d": "mz_sel",
    "catalogue_numerator_survival_2d_center": "eff"
  },
  "git_commit": "47e054ce538f224f06c3033ebdcf5df4e708f003"
}
{
  "arm": "bt",
  "reused": [],
  "freshly_ran": [
    900115
  ]
}
=== done: task=14 seed=900115 ===
