Loading bwUniCluster modules...
  Loaded: compiler/gnu/14.2
  Loaded: devel/cuda/12.8
  Loaded: devel/python/3.13.3-gnu-14.2
  Workspace: /pfs/work9/workspace/scratch/st_ac147838-emri
=== pp-fullpower task=2 mode=lcat zs=0.43 sky=1e-4 h=0.84 seed=20260727002 node=uc2n836.localdomain ===
=== branch: feat/pp-impostor-harness @ 44ee912 ===
h_true=0.8400 [volume] cov50=0.28 cov68=0.36 cov90=0.51 rail=0.33 MAP=0.8496 bias=+0.0096 completion_fraction=0.08
Wrote /pfs/work9/workspace/scratch/st_ac147838-emri/pp_fullpower_20260727/pp_cat_lcat_zs0.43_sky1e-4_h0.84.json
=== done: task=2 -> /pfs/work9/workspace/scratch/st_ac147838-emri/pp_fullpower_20260727/pp_cat_lcat_zs0.43_sky1e-4_h0.84.json ===

============================= JOB FEEDBACK =============================

NodeName=uc2n836
Job ID: 6052716
Array Job ID: 6052704_2
Cluster: uc3
User/Group: st_ac147838/st_us-403333
State: COMPLETED (exit code 0)
Nodes: 1
Cores per node: 4
CPU Utilized: 00:03:36
CPU Efficiency: 23.18% of 00:15:32 core-walltime
Job Wall-clock time: 00:03:53
Memory Utilized: 59.64 MB
Memory Efficiency: 0.75% of 7.81 GB (1.95 GB/core)
