Loading bwUniCluster modules...
  Loaded: compiler/gnu/14.2
  Loaded: devel/cuda/12.8
  Loaded: devel/python/3.13.3-gnu-14.2
  Workspace: /pfs/work9/workspace/scratch/st_ac147838-emri
=== pp-fullpower task=10 mode=generator_marginal zs=0.79 sky=1e-4 h=0.72 seed=20260727010 node=uc2n734.localdomain ===
=== branch: feat/pp-impostor-harness @ 44ee912 ===
h_true=0.7200 [volume] cov50=0.49 cov68=0.69 cov90=0.90 rail=0.00 MAP=0.7199 bias=-0.0001 completion_fraction=0.00
Wrote /pfs/work9/workspace/scratch/st_ac147838-emri/pp_fullpower_20260727/pp_cat_genmarg_zs0.79_sky1e-4_h0.72.json
=== done: task=10 -> /pfs/work9/workspace/scratch/st_ac147838-emri/pp_fullpower_20260727/pp_cat_genmarg_zs0.79_sky1e-4_h0.72.json ===

============================= JOB FEEDBACK =============================

NodeName=uc2n734
Job ID: 6052724
Array Job ID: 6052704_10
Cluster: uc3
User/Group: st_ac147838/st_us-403333
State: COMPLETED (exit code 0)
Nodes: 1
Cores per node: 4
CPU Utilized: 00:02:11
CPU Efficiency: 22.13% of 00:09:52 core-walltime
Job Wall-clock time: 00:02:28
Memory Utilized: 65.16 MB
Memory Efficiency: 0.81% of 7.81 GB (1.95 GB/core)
