Loading bwUniCluster modules...
  Loaded: compiler/gnu/14.2
  Loaded: devel/cuda/12.8
  Loaded: devel/python/3.13.3-gnu-14.2
  Workspace: /pfs/work9/workspace/scratch/st_ac147838-emri
=== pp-fullpower task=9 mode=generator_marginal zs=0.79 sky=1e-4 h=0.62 seed=20260727009 node=uc2n734.localdomain ===
=== branch: feat/pp-impostor-harness @ 44ee912 ===
h_true=0.6200 [volume] cov50=0.54 cov68=0.69 cov90=0.87 rail=0.03 MAP=0.6206 bias=+0.0006 completion_fraction=0.00
Wrote /pfs/work9/workspace/scratch/st_ac147838-emri/pp_fullpower_20260727/pp_cat_genmarg_zs0.79_sky1e-4_h0.62.json
=== done: task=9 -> /pfs/work9/workspace/scratch/st_ac147838-emri/pp_fullpower_20260727/pp_cat_genmarg_zs0.79_sky1e-4_h0.62.json ===

============================= JOB FEEDBACK =============================

NodeName=uc2n734
Job ID: 6052723
Array Job ID: 6052704_9
Cluster: uc3
User/Group: st_ac147838/st_us-403333
State: COMPLETED (exit code 0)
Nodes: 1
Cores per node: 4
CPU Utilized: 00:02:12
CPU Efficiency: 22.30% of 00:09:52 core-walltime
Job Wall-clock time: 00:02:28
Memory Utilized: 65.24 MB
Memory Efficiency: 0.82% of 7.81 GB (1.95 GB/core)
