Loading bwUniCluster modules...
  Loaded: compiler/gnu/14.2
  Loaded: devel/cuda/12.8
  Loaded: devel/python/3.13.3-gnu-14.2
  Workspace: /pfs/work9/workspace/scratch/st_ac147838-emri
=== pp-fullpower task=12 mode=generator_marginal zs=0.95 sky=2e-4 h=0.62 seed=20260727012 node=uc2n786.localdomain ===
=== branch: feat/pp-impostor-harness @ 44ee912 ===
h_true=0.6200 [volume] cov50=0.52 cov68=0.63 cov90=0.84 rail=0.11 MAP=0.6183 bias=-0.0017 completion_fraction=0.00
Wrote /pfs/work9/workspace/scratch/st_ac147838-emri/pp_fullpower_20260727/pp_cat_genmarg_zs0.95_sky2e-4_h0.62.json
=== done: task=12 -> /pfs/work9/workspace/scratch/st_ac147838-emri/pp_fullpower_20260727/pp_cat_genmarg_zs0.95_sky2e-4_h0.62.json ===

============================= JOB FEEDBACK =============================

NodeName=uc2n786
Job ID: 6052726
Array Job ID: 6052704_12
Cluster: uc3
User/Group: st_ac147838/st_us-403333
State: COMPLETED (exit code 0)
Nodes: 1
Cores per node: 4
CPU Utilized: 00:02:24
CPU Efficiency: 22.50% of 00:10:40 core-walltime
Job Wall-clock time: 00:02:40
Memory Utilized: 72.97 MB
Memory Efficiency: 0.91% of 7.81 GB (1.95 GB/core)
