Loading bwUniCluster modules...
  Loaded: compiler/gnu/14.2
  Loaded: devel/cuda/12.8
  Loaded: devel/python/3.13.3-gnu-14.2
  Workspace: /pfs/work9/workspace/scratch/st_ac147838-emri
=== pp-fullpower task=8 mode=generator_marginal zs=0.43 sky=1e-4 h=0.84 seed=20260727008 node=uc2n734.localdomain ===
=== branch: feat/pp-impostor-harness @ 44ee912 ===
h_true=0.8400 [volume] cov50=0.35 cov68=0.47 cov90=0.63 rail=0.20 MAP=0.8457 bias=+0.0057 completion_fraction=0.08
Wrote /pfs/work9/workspace/scratch/st_ac147838-emri/pp_fullpower_20260727/pp_cat_genmarg_zs0.43_sky1e-4_h0.84.json
=== done: task=8 -> /pfs/work9/workspace/scratch/st_ac147838-emri/pp_fullpower_20260727/pp_cat_genmarg_zs0.43_sky1e-4_h0.84.json ===

============================= JOB FEEDBACK =============================

NodeName=uc2n734
Job ID: 6052722
Array Job ID: 6052704_8
Cluster: uc3
User/Group: st_ac147838/st_us-403333
State: COMPLETED (exit code 0)
Nodes: 1
Cores per node: 4
CPU Utilized: 00:02:20
CPU Efficiency: 22.29% of 00:10:28 core-walltime
Job Wall-clock time: 00:02:37
Memory Utilized: 57.40 MB
Memory Efficiency: 0.72% of 7.81 GB (1.95 GB/core)
