Loading bwUniCluster modules...
  Loaded: compiler/gnu/14.2
  Loaded: devel/cuda/12.8
  Loaded: devel/python/3.13.3-gnu-14.2
  Workspace: /pfs/work9/workspace/scratch/st_ac147838-emri
=== pp-smokecfg task=2 mode=lcat zs=0.30 sky=2e-4 h=0.84 seed=20260727102 node=uc2n836.localdomain ===
=== branch: feat/pp-impostor-harness @ 44ee912 ===
h_true=0.8400 [volume] cov50=0.16 cov68=0.31 cov90=0.61 rail=0.74 MAP=0.8535 bias=+0.0135 completion_fraction=0.56
Wrote /pfs/work9/workspace/scratch/st_ac147838-emri/pp_fullpower_20260727/pp_cat_lcat_zs0.30_sky2e-4_h0.84.json
=== done: task=2 -> /pfs/work9/workspace/scratch/st_ac147838-emri/pp_fullpower_20260727/pp_cat_lcat_zs0.30_sky2e-4_h0.84.json ===

============================= JOB FEEDBACK =============================

NodeName=uc2n836
Job ID: 6053502
Array Job ID: 6053497_2
Cluster: uc3
User/Group: st_ac147838/st_us-403333
State: COMPLETED (exit code 0)
Nodes: 1
Cores per node: 4
CPU Utilized: 00:02:13
CPU Efficiency: 22.47% of 00:09:52 core-walltime
Job Wall-clock time: 00:02:28
Memory Utilized: 58.04 MB
Memory Efficiency: 0.73% of 7.81 GB (1.95 GB/core)
