Loading bwUniCluster modules...
  Loaded: compiler/gnu/14.2
  Loaded: devel/cuda/12.8
  Loaded: devel/python/3.13.3-gnu-14.2
  Workspace: /pfs/work9/workspace/scratch/st_ac147838-emri
=== pp-smokecfg task=3 mode=absolute zs=0.30 sky=2e-4 h=0.62 seed=20260727103 node=uc2n836.localdomain ===
=== branch: feat/pp-impostor-harness @ 44ee912 ===
h_true=0.6200 [volume] cov50=0.33 cov68=0.47 cov90=0.74 rail=0.05 MAP=0.6354 bias=+0.0154 completion_fraction=0.21
Wrote /pfs/work9/workspace/scratch/st_ac147838-emri/pp_fullpower_20260727/pp_cat_absolute_zs0.30_sky2e-4_h0.62.json
=== done: task=3 -> /pfs/work9/workspace/scratch/st_ac147838-emri/pp_fullpower_20260727/pp_cat_absolute_zs0.30_sky2e-4_h0.62.json ===

============================= JOB FEEDBACK =============================

NodeName=uc2n836
Job ID: 6053503
Array Job ID: 6053497_3
Cluster: uc3
User/Group: st_ac147838/st_us-403333
State: COMPLETED (exit code 0)
Nodes: 1
Cores per node: 4
CPU Utilized: 00:01:43
CPU Efficiency: 21.82% of 00:07:52 core-walltime
Job Wall-clock time: 00:01:58
Memory Utilized: 55.80 MB
Memory Efficiency: 0.70% of 7.81 GB (1.95 GB/core)
