Loading bwUniCluster modules...
  Loaded: compiler/gnu/14.2
  Loaded: devel/cuda/12.8
  Loaded: devel/python/3.13.3-gnu-14.2
  Workspace: /pfs/work9/workspace/scratch/st_ac147838-emri
=== pp-smokecfg task=5 mode=absolute zs=0.30 sky=2e-4 h=0.84 seed=20260727105 node=uc2n734.localdomain ===
=== branch: feat/pp-impostor-harness @ 44ee912 ===
h_true=0.8400 [volume] cov50=0.23 cov68=0.42 cov90=0.72 rail=0.60 MAP=0.8495 bias=+0.0095 completion_fraction=0.55
Wrote /pfs/work9/workspace/scratch/st_ac147838-emri/pp_fullpower_20260727/pp_cat_absolute_zs0.30_sky2e-4_h0.84.json
=== done: task=5 -> /pfs/work9/workspace/scratch/st_ac147838-emri/pp_fullpower_20260727/pp_cat_absolute_zs0.30_sky2e-4_h0.84.json ===

============================= JOB FEEDBACK =============================

NodeName=uc2n734
Job ID: 6053505
Array Job ID: 6053497_5
Cluster: uc3
User/Group: st_ac147838/st_us-403333
State: COMPLETED (exit code 0)
Nodes: 1
Cores per node: 4
CPU Utilized: 00:01:41
CPU Efficiency: 21.96% of 00:07:40 core-walltime
Job Wall-clock time: 00:01:55
Memory Utilized: 53.82 MB
Memory Efficiency: 0.67% of 7.81 GB (1.95 GB/core)
