Loading bwUniCluster modules...
  Loaded: compiler/gnu/14.2
  Loaded: devel/cuda/12.8
  Loaded: devel/python/3.13.3-gnu-14.2
  Workspace: /pfs/work9/workspace/scratch/st_ac147838-emri
dose-scan-2d task=9 cell=S21 truth=0.730 seeds=0:15 workers=15 host=uc2n674.localdomain commit=3aedbe55f89ad2dbb7a5de1518effe921dbd2181

============================= JOB FEEDBACK =============================

NodeName=uc2n674
Job ID: 6304157
Array Job ID: 6304142_9
Cluster: uc3
User/Group: st_ac147838/st_us-403333
State: COMPLETED (exit code 0)
Nodes: 1
Cores per node: 16
CPU Utilized: 09:21:59
CPU Efficiency: 87.99% of 10:38:40 core-walltime
Job Wall-clock time: 00:39:55
Memory Utilized: 3.53 GB
Memory Efficiency: 11.28% of 31.25 GB (1.95 GB/core)
