Loading bwUniCluster modules...
  Loaded: compiler/gnu/14.2
  Loaded: devel/cuda/12.8
  Loaded: devel/python/3.13.3-gnu-14.2
  Workspace: /pfs/work9/workspace/scratch/st_ac147838-emri
dose-scan-2d task=4 cell=S10 truth=0.730 seeds=0:15 workers=15 host=uc2n781.localdomain commit=3aedbe55f89ad2dbb7a5de1518effe921dbd2181

============================= JOB FEEDBACK =============================

NodeName=uc2n781
Job ID: 6304152
Array Job ID: 6304142_4
Cluster: uc3
User/Group: st_ac147838/st_us-403333
State: COMPLETED (exit code 0)
Nodes: 1
Cores per node: 16
CPU Utilized: 00:13:08
CPU Efficiency: 37.88% of 00:34:40 core-walltime
Job Wall-clock time: 00:02:10
Memory Utilized: 2.20 GB
Memory Efficiency: 7.04% of 31.25 GB (1.95 GB/core)
