Loading bwUniCluster modules...
  Loaded: compiler/gnu/14.2
  Loaded: devel/cuda/12.8
  Loaded: devel/python/3.13.3-gnu-14.2
  Workspace: /pfs/work9/workspace/scratch/st_ac147838-emri
dose-scan-2d task=0 cell=S00 truth=0.730 seeds=0:15 workers=15 host=uc2n844.localdomain commit=3aedbe55f89ad2dbb7a5de1518effe921dbd2181

============================= JOB FEEDBACK =============================

NodeName=uc2n844
Job ID: 6304148
Array Job ID: 6304142_0
Cluster: uc3
User/Group: st_ac147838/st_us-403333
State: COMPLETED (exit code 0)
Nodes: 1
Cores per node: 16
CPU Utilized: 00:09:05
CPU Efficiency: 33.73% of 00:26:56 core-walltime
Job Wall-clock time: 00:01:41
Memory Utilized: 2.23 GB
Memory Efficiency: 7.14% of 31.25 GB (1.95 GB/core)
