Loading bwUniCluster modules...
  Loaded: compiler/gnu/14.2
  Loaded: devel/cuda/12.8
  Loaded: devel/python/3.13.3-gnu-14.2
  Workspace: /pfs/work9/workspace/scratch/st_ac147838-emri
dose-scan-2d task=11 cell=S23 truth=0.730 seeds=0:100 workers=15 host=uc2n861.localdomain commit=3aedbe55f89ad2dbb7a5de1518effe921dbd2181

============================= JOB FEEDBACK =============================

NodeName=uc2n861
Job ID: 6304143
Array Job ID: 6304143_11
Cluster: uc3
User/Group: st_ac147838/st_us-403333
State: COMPLETED (exit code 0)
Nodes: 1
Cores per node: 16
CPU Utilized: 1-22:54:59
CPU Efficiency: 89.05% of 2-04:41:04 core-walltime
Job Wall-clock time: 03:17:34
Memory Utilized: 3.63 GB
Memory Efficiency: 11.62% of 31.25 GB (1.95 GB/core)
