Loading bwUniCluster modules...
  Loaded: compiler/gnu/14.2
  Loaded: devel/cuda/12.8
  Loaded: devel/python/3.13.3-gnu-14.2
  Workspace: /pfs/work9/workspace/scratch/st_ac147838-emri
dose-scan-2d task=6 cell=S12 truth=0.730 seeds=0:15 workers=15 host=uc2n768.localdomain commit=3aedbe55f89ad2dbb7a5de1518effe921dbd2181

============================= JOB FEEDBACK =============================

NodeName=uc2n768
Job ID: 6304154
Array Job ID: 6304142_6
Cluster: uc3
User/Group: st_ac147838/st_us-403333
State: COMPLETED (exit code 0)
Nodes: 1
Cores per node: 16
CPU Utilized: 10:09:58
CPU Efficiency: 87.50% of 11:37:04 core-walltime
Job Wall-clock time: 00:43:34
Memory Utilized: 3.58 GB
Memory Efficiency: 11.46% of 31.25 GB (1.95 GB/core)
