Loading bwUniCluster modules...
  Loaded: compiler/gnu/14.2
  Loaded: devel/cuda/12.8
  Loaded: devel/python/3.13.3-gnu-14.2
  Workspace: /pfs/work9/workspace/scratch/st_ac147838-emri
mech-isolation task=0 cell=MN0 truth=0.730 seeds=0:15 workers=15 host=uc2n861.localdomain commit=e83ed0b99fa77c3ce91cc58edea571b718aed981

============================= JOB FEEDBACK =============================

NodeName=uc2n861
Job ID: 6303782
Array Job ID: 6303086_0
Cluster: uc3
User/Group: st_ac147838/st_us-403333
State: COMPLETED (exit code 0)
Nodes: 1
Cores per node: 16
CPU Utilized: 13:45:18
CPU Efficiency: 88.73% of 15:30:08 core-walltime
Job Wall-clock time: 00:58:08
Memory Utilized: 3.58 GB
Memory Efficiency: 11.46% of 31.25 GB (1.95 GB/core)
